2026-09-23 21:25:01,893 - business_api.py - INFO - ..Parsing Page:1 - owners
2026-09-23 21:25:06,270 - business_api.py - INFO - ..Parsing Page:2 - owners
2026-09-23 21:25:10,700 - business_api.py - INFO - ..Parsing Page:3 - owners
2026-09-23 21:25:15,370 - business_api.py - INFO - ..Parsing Page:4 - owners
2026-09-23 21:25:21,600 - business_api.py - INFO - ..Parsing Page:5 - owners
2026-09-23 21:25:26,035 - business_api.py - INFO - ..Parsing Page:6 - owners
2026-09-23 21:25:32,492 - business_api.py - INFO - ..Parsing Page:7 - owners
2026-09-23 21:25:37,522 - business_api.py - INFO - ..Parsing Page:8 - owners
2026-09-23 21:25:38,342 - business_api.py - INFO - all data retrieved
2026-09-23 21:25:39,892 - business_api.py - INFO - Rows: 330731 | Columns: 12

2026-09-23 21:25:40,011 - business_api.py - INFO - ..Parsing Page:1 - licenses
2026-09-23 21:25:49,111 - business_api.py - INFO - ..Parsing Page:2 - licenses
2026-09-23 21:25:58,444 - business_api.py - INFO - ..Parsing Page:3 - licenses
2026-09-23 21:26:20,848 - business_api.py - INFO - ..Parsing Page:4 - licenses
2026-09-23 21:26:30,956 - business_api.py - INFO - ..Parsing Page:5 - licenses
2026-09-23 21:26:40,850 - business_api.py - INFO - ..Parsing Page:6 - licenses
2026-09-23 21:26:55,375 - business_api.py - INFO - ..Parsing Page:7 - licenses
2026-09-23 21:27:04,797 - business_api.py - INFO - ..Parsing Page:8 - licenses
2026-09-23 21:27:14,962 - business_api.py - INFO - ..Parsing Page:9 - licenses
2026-09-23 21:27:32,536 - business_api.py - INFO - ..Parsing Page:10 - licenses
2026-09-23 21:27:42,559 - business_api.py - INFO - ..Parsing Page:11 - licenses
2026-09-23 21:27:57,639 - business_api.py - INFO - ..Parsing Page:12 - licenses
2026-09-23 21:28:17,622 - business_api.py - INFO - ..Parsing Page:13 - licenses
2026-09-23 21:28:38,562 - business_api.py - INFO - ..Parsing Page:14 - licenses
2026-09-23 21:28:49,706 - business_api.py - INFO - ..Parsing Page:15 - licenses
2026-09-23 21:29:01,126 - business_api.py - INFO - ..Parsing Page:16 - licenses
2026-09-23 21:29:28,164 - business_api.py - INFO - ..Parsing Page:17 - licenses
2026-09-23 21:29:39,487 - business_api.py - INFO - ..Parsing Page:18 - licenses
2026-09-23 21:29:52,316 - business_api.py - INFO - ..Parsing Page:19 - licenses
2026-09-23 21:30:04,423 - business_api.py - INFO - ..Parsing Page:20 - licenses
2026-09-23 21:30:39,061 - business_api.py - INFO - ..Parsing Page:21 - licenses
2026-09-23 21:30:49,414 - business_api.py - INFO - ..Parsing Page:22 - licenses
2026-09-23 21:31:10,391 - business_api.py - INFO - ..Parsing Page:23 - licenses
2026-09-23 21:31:33,931 - business_api.py - INFO - ..Parsing Page:24 - licenses
2026-09-23 21:31:44,955 - business_api.py - INFO - ..Parsing Page:25 - licenses
2026-09-23 21:31:51,202 - business_api.py - INFO - ..Parsing Page:26 - licenses
2026-09-23 21:31:54,208 - business_api.py - INFO - all data retrieved
2026-09-23 21:32:24,049 - business_api.py - INFO - Rows: 1207381 | Columns: 46

2026-09-23 21:32:25,894 - sqljoin.py - INFO - ..Joining datasets
2026-09-23 21:32:25,894 - sqljoin.py - INFO - ..Executing
 
                WITH joined as (     
                    WITH license AS (
                    SELECT 
                        id,
                        license_id,
                        account_number,
                        site_number,
                        legal_name,
                        doing_business_as_name,
                        address,
                        city,
                        state,
                        zip_code,
                        ward,
                        precinct,
                        ward_precinct,
                        police_district,
                        community_area,
                        community_area_name,
                        neighborhood,
                        license_code,
                        license_description,
                        license_number,
                        application_type,
                        application_created_date::date as application_created_date,
                        application_requirements_complete,
                        payment_date,
                        business_activity_id,
                        business_activity,
                        ssa,
                        license_status_change_date,
                        conditional_approval,
                        license_start_date,
                        expiration_date,
                        license_approved_for_issuance,
                        date_issued,
                        license_status,
                        latitude,
                        longitude,
                        --location,
                        sys_id AS sys_id_license,
                        sys_version AS sys_version_license,
                        sys_created_at AS sys_created_at_license,
                        sys_updated_at AS sys_updated_at_license,
                        sys_computed_region_vrxf_vc4k AS sys_computed_region_vrxf_vc4k_license,
                        sys_computed_region_awaf_s7ux AS sys_computed_region_awaf_s7ux_license,
                        sys_computed_region_6mkv_f3dw AS sys_computed_region_6mkv_f3dw_license,
                        sys_computed_region_bdys_3d7i AS sys_computed_region_bdys_3d7i_license,
                        sys_computed_region_43wa_7qmu AS sys_computed_region_43wa_7qmu_license
                    FROM license_df
                    )
                    SELECT 
                        COALESCE(od.account_number::text,'') AS account_number,
                        COALESCE(od.doing_business_as_name,'') AS doing_business_as_name,
                        COALESCE(od.owner_last_name,'NLN') || ',' || COALESCE(od.owner_first_name,'NFN') || ' ' || COALESCE(od.owner_middle_initial,'NMI') AS full_name,
                        COALESCE(od.owner_first_name,'') AS owner_first_name,
                        COALESCE(od.owner_last_name,'') AS owner_last_name,
                        COALESCE(od.owner_title,'') AS owner_title,
                        COALESCE(od.owner_middle_initial,'') AS owner_middle_initial,
                        COALESCE(od.owner_name,'') AS owner_name,
                        COALESCE(od.owner_name_suffix,'') AS owner_name_suffix,
                        COALESCE(ld.id,'') AS id,
                        COALESCE(ld.license_id,'') AS license_id,
                        COALESCE(ld.site_number,'') AS site_number,
                        COALESCE(ld.legal_name,'') AS legal_name,
                        COALESCE(ld.doing_business_as_name,'') AS doing_business_as_name,
                        COALESCE(ld.address,'') AS address,
                        COALESCE(ld.city,'') AS city,
                        COALESCE(ld.state,'') AS state,
                        COALESCE(ld.zip_code,'') AS zip_code,
                        COALESCE(ld.ward::NUMERIC,-1) AS ward,
                        COALESCE(ld.precinct::NUMERIC,-1) AS precinct,
                        COALESCE(ld.ward_precinct,'') AS ward_precinct,
                        COALESCE(ld.police_district::NUMERIC,-1) AS police_district,
                        COALESCE(ld.community_area::NUMERIC,-1) AS community_area,
                        COALESCE(ld.community_area_name,'') AS community_area_name,
                        COALESCE(ld.neighborhood,'') AS neighborhood,
                        COALESCE(ld.license_code::NUMERIC,-1) AS license_code,
                        COALESCE(ld.license_description,'') AS license_description,
                        COALESCE(ld.license_number::NUMERIC,-1) AS license_number,
                        COALESCE(ld.application_type,'') AS application_type,
                        COALESCE(ld.application_created_date::date,NULL) AS application_created_date,
                        COALESCE(ld.application_requirements_complete,NULL) AS application_requirements_complete,
                        COALESCE(ld.payment_date,NULL) AS payment_date,
                        COALESCE(ld.business_activity_id,'') AS business_activity_id,
                        COALESCE(ld.business_activity,'') AS business_activity,
                        COALESCE(ld.ssa,'') AS ssa,
                        COALESCE(ld.license_status_change_date,NULL) AS license_status_change_date,
                        COALESCE(ld.conditional_approval,NULL) AS conditional_approval,
                        COALESCE(ld.license_start_date,NULL) AS license_start_date,
                        COALESCE(ld.expiration_date,NULL) AS expiration_date,
                        COALESCE(ld.license_approved_for_issuance,NULL) AS license_approved_for_issuance,
                        COALESCE(ld.date_issued,NULL) AS date_issued,
                        COALESCE(ld.license_status,'') AS license_status,
                        COALESCE(ld.latitude::NUMERIC,-1) AS latitude,
                        COALESCE(ld.longitude::NUMERIC,-1) AS longitude,
                        --ld.location,  -- Is a nested json that contains data from columns provided above
                        od.sys_id AS sys_id_owner,
                        od.sys_version AS sys_version_owner,
                        od.sys_created_at AS sys_created_at_owner,
                        od.sys_updated_at AS sys_updated_at_owner,
                        ROW_NUMBER() OVER (PARTITION BY COALESCE(od.account_number::text,''),
                                            COALESCE(UPPER(od.doing_business_as_name),''),
                                            COALESCE(UPPER(od.owner_first_name),''),
                                            COALESCE(UPPER(od.owner_last_name),''),
                                            COALESCE(UPPER(od.owner_title),''),
                                            COALESCE(UPPER(od.owner_middle_initial),''),
                                            COALESCE(UPPER(od.owner_name),''),
                                            COALESCE(UPPER(od.owner_name_suffix),'')) AS rn,
                        ld.sys_id_license,
                        ld.sys_version_license,
                        ld.sys_created_at_license,
                        ld.sys_updated_at_license,
                        ld.sys_computed_region_vrxf_vc4k_license,
                        ld.sys_computed_region_awaf_s7ux_license,
                        ld.sys_computed_region_6mkv_f3dw_license,
                        ld.sys_computed_region_bdys_3d7i_license,
                        ld.sys_computed_region_43wa_7qmu_license
                    FROM owner_df od
                    LEFT JOIN license ld ON (od.account_number = ld.account_number)
                )
                SELECT *
                FROM joined
                WHERE rn = 1;
                
2026-09-23 21:32:46,821 - sqljoin.py - INFO - ..Success : (330701, 58)
2026-09-23 21:32:46,821 - business_api.py - INFO - ..Creating parquete file: ./parquet_files/business_data_20260923.parquet
2026-09-23 21:32:49,534 - business_api.py - INFO - Success
